// Vitest Snapshot v1, https://vitest.dev/guide/snapshot.html

exports[`marginfi account DTO > decodes the 'most positions' account into the API DTO 1`] = `
{
  "accountFlags": [],
  "address": "7WtHhGysBGoKBtDBMLoepjKXhaSqL12kjCLZGsVFYJoa",
  "authority": "DBP9NJGGpee67t1ZMH4ozS7BnkcdwyLp5svj2SmPkuqT",
  "balances": [
    {
      "active": true,
      "assetShares": "970939986.47038704929",
      "bankPk": "JBcir4DPRPYVUpks9hkS1jtHMXejfeBo4xJGv3AYYHg6",
      "emissionsOutstanding": "0",
      "lastUpdate": 1702521980,
      "liabilityShares": "0",
    },
    {
      "active": true,
      "assetShares": "4011401459.5745299164",
      "bankPk": "HmpMfL8942u22htC4EMiWgLX931g3sacXFR6KjuLgKLV",
      "emissionsOutstanding": "0",
      "lastUpdate": 1770330826,
      "liabilityShares": "0",
    },
    {
      "active": true,
      "assetShares": "24700078820.395906552",
      "bankPk": "DeyH7QxWvnbbaVB4zFrf4hoq7Q8z1ZT14co42BGwGtfM",
      "emissionsOutstanding": "0",
      "lastUpdate": 1757625865,
      "liabilityShares": "0",
    },
    {
      "active": true,
      "assetShares": "2589759814.5160382716",
      "bankPk": "DMoqjmsuoru986HgfjqrKEvPv8YBufvBGADHUonkadC5",
      "emissionsOutstanding": "0",
      "lastUpdate": 1710296298,
      "liabilityShares": "0",
    },
    {
      "active": true,
      "assetShares": "56787666846.201042295",
      "bankPk": "CCKtUs6Cgwo4aaQUmBPmyoApH2gUDErxNZCAntD6LYGh",
      "emissionsOutstanding": "0",
      "lastUpdate": 1770305672,
      "liabilityShares": "0",
    },
    {
      "active": true,
      "assetShares": "79206.343547175211004",
      "bankPk": "Bohoc1ikHLD7xKJuzTyiTyCwzaL5N7ggJQu75A8mKYM8",
      "emissionsOutstanding": "0",
      "lastUpdate": 1782828010,
      "liabilityShares": "0",
    },
    {
      "active": true,
      "assetShares": "61039238.37505894479",
      "bankPk": "Amtw3n7GZe5SWmyhMhaFhDTi39zbTkLeWErBsmZXwpDa",
      "emissionsOutstanding": "0",
      "lastUpdate": 1743997159,
      "liabilityShares": "0",
    },
    {
      "active": true,
      "assetShares": "142960.61615961363687",
      "bankPk": "Ac4KV5K5isDqtABtg6h5DiwzZMe3Sp9bc3pBiCUvUpaQ",
      "emissionsOutstanding": "0",
      "lastUpdate": 1782396833,
      "liabilityShares": "0",
    },
    {
      "active": true,
      "assetShares": "5198109206.6096745273",
      "bankPk": "8LaUZadNqtzuCG7iCvZd7d5cbquuYfv19KjAg6GPuuCb",
      "emissionsOutstanding": "0",
      "lastUpdate": 1722819364,
      "liabilityShares": "0",
    },
    {
      "active": true,
      "assetShares": "5412477216.6753399385",
      "bankPk": "6hS9i46WyTq1KXcoa2Chas2Txh9TJAVr6n1t3tnrE23K",
      "emissionsOutstanding": "0",
      "lastUpdate": 1728197884,
      "liabilityShares": "0",
    },
    {
      "active": true,
      "assetShares": "2895808238638.8010127",
      "bankPk": "6Fk3bzhqmUqupk6sN5CbfYMdafvyzDdqDNHW5CsJzq8K",
      "emissionsOutstanding": "0",
      "lastUpdate": 1716649486,
      "liabilityShares": "0",
    },
    {
      "active": true,
      "assetShares": "0",
      "bankPk": "5wZz2MV3dFJVq3Wp4tBoqrgrSGZqeLCdLE1L4w6okm9g",
      "emissionsOutstanding": "0",
      "lastUpdate": 1778334692,
      "liabilityShares": "1894972798.6289489698",
    },
    {
      "active": true,
      "assetShares": "3319268009966.0361424",
      "bankPk": "44digRwKFeyiqDaxJRE6iag4cbXECKjG54v5ozxdu5mu",
      "emissionsOutstanding": "0",
      "lastUpdate": 1702646273,
      "liabilityShares": "0",
    },
    {
      "active": true,
      "assetShares": "0",
      "bankPk": "3xn7strvpinirQ5KxEgVFemb6qYeHG39krohoeRHRrRt",
      "emissionsOutstanding": "0",
      "lastUpdate": 1780001183,
      "liabilityShares": "279247250.92922812881",
    },
    {
      "active": true,
      "assetShares": "0",
      "bankPk": "2s37akK2eyBbp8DZgCm7RtsaEz8eJP3Nxd4urLHQv7yB",
      "emissionsOutstanding": "0",
      "lastUpdate": 1773706445,
      "liabilityShares": "5681870661.5517648814",
    },
    {
      "active": true,
      "assetShares": "0",
      "bankPk": "22DcjMZrMwC5Bpa5AGBsmjc5V9VuQrXG6N9ZtdUNyYGE",
      "emissionsOutstanding": "0",
      "lastUpdate": 1773706371,
      "liabilityShares": "4598063.1988750091048",
    },
  ],
  "emissionsDestinationAccount": "11111111111111111111111111111111",
  "group": "4qp6Fx6tnZkY5Wropq9wUYgtFxXKwE6viZxFHg3rdAG8",
  "healthCache": {
    "assetValue": "0",
    "assetValueEquity": "0",
    "assetValueMaint": "0",
    "flags": [
      2,
    ],
    "liabilityValue": "0",
    "liabilityValueEquity": "0",
    "liabilityValueMaint": "0",
    "prices": [
      [
        0,
        0,
        0,
        0,
        0,
        0,
        0,
        0,
      ],
      [
        0,
        0,
        0,
        0,
        0,
        0,
        0,
        0,
      ],
      [
        0,
        0,
        0,
        0,
        0,
        0,
        0,
        0,
      ],
      [
        0,
        0,
        0,
        0,
        0,
        0,
        0,
        0,
      ],
      [
        0,
        0,
        0,
        0,
        0,
        0,
        0,
        0,
      ],
      [
        0,
        0,
        0,
        0,
        0,
        0,
        0,
        0,
      ],
      [
        0,
        0,
        0,
        0,
        0,
        0,
        0,
        0,
      ],
      [
        0,
        0,
        0,
        0,
        0,
        0,
        0,
        0,
      ],
      [
        0,
        0,
        0,
        0,
        0,
        0,
        0,
        0,
      ],
      [
        0,
        0,
        0,
        0,
        0,
        0,
        0,
        0,
      ],
      [
        0,
        0,
        0,
        0,
        0,
        0,
        0,
        0,
      ],
      [
        0,
        0,
        0,
        0,
        0,
        0,
        0,
        0,
      ],
      [
        0,
        0,
        0,
        0,
        0,
        0,
        0,
        0,
      ],
      [
        0,
        0,
        0,
        0,
        0,
        0,
        0,
        0,
      ],
      [
        0,
        0,
        0,
        0,
        0,
        0,
        0,
        0,
      ],
      [
        0,
        0,
        0,
        0,
        0,
        0,
        0,
        0,
      ],
    ],
    "simulationStatus": 0,
    "timestamp": "1790123895",
  },
}
`;

exports[`marginfi account DTO > decodes the 'with borrows' account into the API DTO 1`] = `
{
  "accountFlags": [],
  "address": "EwLiQoZdyJFVcxPnLmS6ow3LJVMD1yFLkD45c3PaPWRp",
  "authority": "Fa7LNzj3SCV364hya9dx9evL29pC1awx24iHeCEwX6vU",
  "balances": [
    {
      "active": true,
      "assetShares": "0",
      "bankPk": "HshhP4nnfBvkGroaMeJZZtfQFZeg3ukLPmW294G5T4j9",
      "emissionsOutstanding": "0",
      "lastUpdate": 1786362022,
      "liabilityShares": "537133386.87518305157",
    },
    {
      "active": true,
      "assetShares": "0",
      "bankPk": "HmpMfL8942u22htC4EMiWgLX931g3sacXFR6KjuLgKLV",
      "emissionsOutstanding": "0",
      "lastUpdate": 1778666219,
      "liabilityShares": "235270091.96312004527",
    },
    {
      "active": true,
      "assetShares": "427318.72281819371668",
      "bankPk": "HDYFgNRTFL2tVwGyAHaTr4SW7Y7riXjew48qKLHgi8es",
      "emissionsOutstanding": "0",
      "lastUpdate": 1780991154,
      "liabilityShares": "0",
    },
    {
      "active": true,
      "assetShares": "67381543.731422310793",
      "bankPk": "EmMhorGDR3N9ecNWVQjJi2QpFLkeHEvjZFdW6TuVgXjU",
      "emissionsOutstanding": "0",
      "lastUpdate": 1790152946,
      "liabilityShares": "0",
    },
    {
      "active": true,
      "assetShares": "24755940670.763927694",
      "bankPk": "EbuSnXdFz1R4VPdaJ96KQQQmeYgZTHSzpNW94Tw1PE3H",
      "emissionsOutstanding": "0",
      "lastUpdate": 1774854756,
      "liabilityShares": "0",
    },
    {
      "active": true,
      "assetShares": "511429227.45148591074",
      "bankPk": "Dj2CwMF3GM7mMT5hcyGXKuYSQ2kQ5zaVCkA1zX1qaTva",
      "emissionsOutstanding": "0",
      "lastUpdate": 1784277752,
      "liabilityShares": "0",
    },
    {
      "active": true,
      "assetShares": "0",
      "bankPk": "CCKtUs6Cgwo4aaQUmBPmyoApH2gUDErxNZCAntD6LYGh",
      "emissionsOutstanding": "0",
      "lastUpdate": 1773689114,
      "liabilityShares": "14366673936.816717521",
    },
    {
      "active": true,
      "assetShares": "364346490.10571370671",
      "bankPk": "Amtw3n7GZe5SWmyhMhaFhDTi39zbTkLeWErBsmZXwpDa",
      "emissionsOutstanding": "0",
      "lastUpdate": 1757639992,
      "liabilityShares": "0",
    },
    {
      "active": true,
      "assetShares": "0",
      "bankPk": "Ac4KV5K5isDqtABtg6h5DiwzZMe3Sp9bc3pBiCUvUpaQ",
      "emissionsOutstanding": "0",
      "lastUpdate": 1780418797,
      "liabilityShares": "392288.76030274663444",
    },
    {
      "active": true,
      "assetShares": "289203.87359873194842",
      "bankPk": "7GbG8B1aHpV4Q271ozU9EDEGPTLXpekv7m2UgyCgFzr5",
      "emissionsOutstanding": "0",
      "lastUpdate": 1789755652,
      "liabilityShares": "0",
    },
    {
      "active": true,
      "assetShares": "5531945581.8276520752",
      "bankPk": "61Qx9kgWo9RVtPHf8Rku6gbaUtcnzgkpAuifQBUcMRVK",
      "emissionsOutstanding": "0",
      "lastUpdate": 1787384815,
      "liabilityShares": "0",
    },
    {
      "active": true,
      "assetShares": "570493763.92560064253",
      "bankPk": "3xn7strvpinirQ5KxEgVFemb6qYeHG39krohoeRHRrRt",
      "emissionsOutstanding": "0",
      "lastUpdate": 1781545576,
      "liabilityShares": "0",
    },
    {
      "active": true,
      "assetShares": "0",
      "bankPk": "2s37akK2eyBbp8DZgCm7RtsaEz8eJP3Nxd4urLHQv7yB",
      "emissionsOutstanding": "0",
      "lastUpdate": 1774355856,
      "liabilityShares": "94173812.929205577265",
    },
    {
      "active": true,
      "assetShares": "13907021418.101606107",
      "bankPk": "22DcjMZrMwC5Bpa5AGBsmjc5V9VuQrXG6N9ZtdUNyYGE",
      "emissionsOutstanding": "0",
      "lastUpdate": 1774336536,
      "liabilityShares": "0",
    },
    {
      "active": false,
      "assetShares": "0",
      "bankPk": "11111111111111111111111111111111",
      "emissionsOutstanding": "0",
      "lastUpdate": 0,
      "liabilityShares": "0",
    },
    {
      "active": false,
      "assetShares": "0",
      "bankPk": "11111111111111111111111111111111",
      "emissionsOutstanding": "0",
      "lastUpdate": 0,
      "liabilityShares": "0",
    },
  ],
  "emissionsDestinationAccount": "11111111111111111111111111111111",
  "group": "4qp6Fx6tnZkY5Wropq9wUYgtFxXKwE6viZxFHg3rdAG8",
  "healthCache": {
    "assetValue": "3658.7854628368887688",
    "assetValueEquity": "0",
    "assetValueMaint": "0",
    "flags": [
      1,
      2,
    ],
    "liabilityValue": "3300.6876108959979277",
    "liabilityValueEquity": "0",
    "liabilityValueMaint": "0",
    "prices": [
      [
        248,
        192,
        163,
        81,
        46,
        51,
        87,
        64,
      ],
      [
        240,
        4,
        133,
        17,
        96,
        0,
        240,
        63,
      ],
      [
        1,
        218,
        51,
        27,
        247,
        137,
        244,
        64,
      ],
      [
        64,
        155,
        16,
        48,
        191,
        62,
        214,
        63,
      ],
      [
        32,
        164,
        89,
        202,
        202,
        87,
        252,
        63,
      ],
      [
        128,
        88,
        11,
        57,
        156,
        252,
        239,
        63,
      ],
      [
        242,
        109,
        58,
        244,
        104,
        193,
        92,
        64,
      ],
      [
        40,
        102,
        247,
        12,
        115,
        14,
        19,
        64,
      ],
      [
        112,
        176,
        90,
        201,
        19,
        141,
        244,
        64,
      ],
      [
        158,
        254,
        245,
        75,
        81,
        186,
        151,
        64,
      ],
      [
        0,
        96,
        21,
        173,
        124,
        80,
        112,
        63,
      ],
      [
        192,
        8,
        230,
        138,
        128,
        250,
        239,
        63,
      ],
      [
        128,
        30,
        32,
        7,
        65,
        1,
        240,
        63,
      ],
      [
        185,
        107,
        66,
        200,
        196,
        60,
        100,
        64,
      ],
      [
        0,
        0,
        0,
        0,
        0,
        0,
        0,
        0,
      ],
      [
        0,
        0,
        0,
        0,
        0,
        0,
        0,
        0,
      ],
    ],
    "simulationStatus": 0,
    "timestamp": "1790235361",
  },
}
`;
