// Vitest Snapshot v1, https://vitest.dev/guide/snapshot.html

exports[`transaction projection > projects balance shares through deposits, repays and withdraws 1`] = `
{
  "impactedAssetsBanks": [
    "22DcjMZrMwC5Bpa5AGBsmjc5V9VuQrXG6N9ZtdUNyYGE",
    "27Cpv49jQ3hav8zF3qZjp7T78ATdUTZN4m9x389Z8uH4",
    "4cSk2pyxFkPdc5Kp5Yk1HYLjTbNoYzwtz2MCKUogjqeg",
  ],
  "impactedLiabilityBanks": [
    "CCKtUs6Cgwo4aaQUmBPmyoApH2gUDErxNZCAntD6LYGh",
  ],
  "projectedBalances": [
    {
      "active": true,
      "assetShares": "0",
      "bankPk": "HshhP4nnfBvkGroaMeJZZtfQFZeg3ukLPmW294G5T4j9",
      "emissionsOutstanding": "0",
      "lastUpdate": 1786362022,
      "liabilityShares": "537133386.87518305157",
    },
    {
      "active": true,
      "assetShares": "0",
      "bankPk": "HmpMfL8942u22htC4EMiWgLX931g3sacXFR6KjuLgKLV",
      "emissionsOutstanding": "0",
      "lastUpdate": 1778666219,
      "liabilityShares": "235270091.96312004527",
    },
    {
      "active": true,
      "assetShares": "427318.72281819371668",
      "bankPk": "HDYFgNRTFL2tVwGyAHaTr4SW7Y7riXjew48qKLHgi8es",
      "emissionsOutstanding": "0",
      "lastUpdate": 1780991154,
      "liabilityShares": "0",
    },
    {
      "active": true,
      "assetShares": "67381543.731422310793",
      "bankPk": "EmMhorGDR3N9ecNWVQjJi2QpFLkeHEvjZFdW6TuVgXjU",
      "emissionsOutstanding": "0",
      "lastUpdate": 1790152946,
      "liabilityShares": "0",
    },
    {
      "active": true,
      "assetShares": "24755940670.763927694",
      "bankPk": "EbuSnXdFz1R4VPdaJ96KQQQmeYgZTHSzpNW94Tw1PE3H",
      "emissionsOutstanding": "0",
      "lastUpdate": 1774854756,
      "liabilityShares": "0",
    },
    {
      "active": true,
      "assetShares": "511429227.45148591074",
      "bankPk": "Dj2CwMF3GM7mMT5hcyGXKuYSQ2kQ5zaVCkA1zX1qaTva",
      "emissionsOutstanding": "0",
      "lastUpdate": 1784277752,
      "liabilityShares": "0",
    },
    {
      "active": true,
      "assetShares": "0",
      "bankPk": "CCKtUs6Cgwo4aaQUmBPmyoApH2gUDErxNZCAntD6LYGh",
      "emissionsOutstanding": "0",
      "lastUpdate": 1773689114,
      "liabilityShares": "14366592380.26453231877255544817",
    },
    {
      "active": true,
      "assetShares": "364346490.10571370671",
      "bankPk": "Amtw3n7GZe5SWmyhMhaFhDTi39zbTkLeWErBsmZXwpDa",
      "emissionsOutstanding": "0",
      "lastUpdate": 1757639992,
      "liabilityShares": "0",
    },
    {
      "active": true,
      "assetShares": "0",
      "bankPk": "Ac4KV5K5isDqtABtg6h5DiwzZMe3Sp9bc3pBiCUvUpaQ",
      "emissionsOutstanding": "0",
      "lastUpdate": 1780418797,
      "liabilityShares": "392288.76030274663444",
    },
    {
      "active": true,
      "assetShares": "289203.87359873194842",
      "bankPk": "7GbG8B1aHpV4Q271ozU9EDEGPTLXpekv7m2UgyCgFzr5",
      "emissionsOutstanding": "0",
      "lastUpdate": 1789755652,
      "liabilityShares": "0",
    },
    {
      "active": true,
      "assetShares": "5531945581.8276520752",
      "bankPk": "61Qx9kgWo9RVtPHf8Rku6gbaUtcnzgkpAuifQBUcMRVK",
      "emissionsOutstanding": "0",
      "lastUpdate": 1787384815,
      "liabilityShares": "0",
    },
    {
      "active": true,
      "assetShares": "570493763.92560064253",
      "bankPk": "3xn7strvpinirQ5KxEgVFemb6qYeHG39krohoeRHRrRt",
      "emissionsOutstanding": "0",
      "lastUpdate": 1781545576,
      "liabilityShares": "0",
    },
    {
      "active": true,
      "assetShares": "0",
      "bankPk": "2s37akK2eyBbp8DZgCm7RtsaEz8eJP3Nxd4urLHQv7yB",
      "emissionsOutstanding": "0",
      "lastUpdate": 1774355856,
      "liabilityShares": "94173812.929205577265",
    },
    {
      "active": true,
      "assetShares": "13907532474.48258908380230067057",
      "bankPk": "22DcjMZrMwC5Bpa5AGBsmjc5V9VuQrXG6N9ZtdUNyYGE",
      "emissionsOutstanding": "0",
      "lastUpdate": 1774336536,
      "liabilityShares": "0",
    },
    {
      "active": false,
      "assetShares": "0",
      "bankPk": "11111111111111111111111111111111",
      "emissionsOutstanding": "0",
      "lastUpdate": 0,
      "liabilityShares": "0",
    },
    {
      "active": true,
      "assetShares": "6923837.78437190900098911969",
      "bankPk": "4cSk2pyxFkPdc5Kp5Yk1HYLjTbNoYzwtz2MCKUogjqeg",
      "emissionsOutstanding": "0",
      "lastUpdate": 0,
      "liabilityShares": "0",
    },
  ],
  "withdrawnBanks": [
    "4cSk2pyxFkPdc5Kp5Yk1HYLjTbNoYzwtz2MCKUogjqeg",
    "27Cpv49jQ3hav8zF3qZjp7T78ATdUTZN4m9x389Z8uH4",
    "22DcjMZrMwC5Bpa5AGBsmjc5V9VuQrXG6N9ZtdUNyYGE",
  ],
}
`;

exports[`transaction projection > projects which banks stay active 1`] = `
[
  "HshhP4nnfBvkGroaMeJZZtfQFZeg3ukLPmW294G5T4j9",
  "HmpMfL8942u22htC4EMiWgLX931g3sacXFR6KjuLgKLV",
  "HDYFgNRTFL2tVwGyAHaTr4SW7Y7riXjew48qKLHgi8es",
  "EmMhorGDR3N9ecNWVQjJi2QpFLkeHEvjZFdW6TuVgXjU",
  "EbuSnXdFz1R4VPdaJ96KQQQmeYgZTHSzpNW94Tw1PE3H",
  "Dj2CwMF3GM7mMT5hcyGXKuYSQ2kQ5zaVCkA1zX1qaTva",
  "CCKtUs6Cgwo4aaQUmBPmyoApH2gUDErxNZCAntD6LYGh",
  "Amtw3n7GZe5SWmyhMhaFhDTi39zbTkLeWErBsmZXwpDa",
  "Ac4KV5K5isDqtABtg6h5DiwzZMe3Sp9bc3pBiCUvUpaQ",
  "7GbG8B1aHpV4Q271ozU9EDEGPTLXpekv7m2UgyCgFzr5",
  "61Qx9kgWo9RVtPHf8Rku6gbaUtcnzgkpAuifQBUcMRVK",
  "3xn7strvpinirQ5KxEgVFemb6qYeHG39krohoeRHRrRt",
  "2s37akK2eyBbp8DZgCm7RtsaEz8eJP3Nxd4urLHQv7yB",
  "22DcjMZrMwC5Bpa5AGBsmjc5V9VuQrXG6N9ZtdUNyYGE",
  "4cSk2pyxFkPdc5Kp5Yk1HYLjTbNoYzwtz2MCKUogjqeg",
]
`;
