// Vitest Snapshot v1, https://vitest.dev/guide/snapshot.html

exports[`group admin instructions > adds a bank with a compact config (two-point curve padded to five) 1`] = `
{
  "accounts": [
    [
      "4vJ9JU1bJJE96FWSJKvHsmmFADCg4gpZQff4P3bkLKi",
      false,
      true,
    ],
    [
      "LbUiWL3xVV8hTFYBVdbTNrpDo41NKS6o3LHHuDzjfcY",
      true,
      false,
    ],
    [
      "CktRuQ2mttgRGkXJtyksdKHjUdc2C4TgDzyB98oEzy8",
      true,
      true,
    ],
    [
      "HoMNdUF3RDZDPKAARYK1mxcPFfUnPjLmpKYibZzAijev",
      false,
      false,
    ],
    [
      "QWmroo4YnnMqYW3cnxWkFdaTxGD3P7vMSzwMHGbUzwF",
      false,
      true,
    ],
    [
      "GgBaCs3NCBuZN12kCJgAW63ydqohFkHEdfdEXBPzLHq",
      false,
      false,
    ],
    [
      "8qbHbw2BbbTHBW1sbeqakYXVKRQM8Ne7pLK7m6CVfeR",
      true,
      true,
    ],
    [
      "6Rd1FWoabheoMsY4nrkY9K7bh5ezhx1YXmLzNCCKeQ9e",
      false,
      false,
    ],
    [
      "J5zWqMffYKxxb19HvANKCnZ31nAGCUHX2kqoCNctmA1i",
      false,
      true,
    ],
    [
      "4pQPaHDj7oWJty2o1fCPVEni6ATmBKo3HhSAAPBWqjJF",
      false,
      false,
    ],
    [
      "2XqvYFJdRXy1NeTNC7Pho4NWUFSxscc3k1QEbYTETPQk",
      false,
      true,
    ],
    [
      "3wMY5yorQbKPbYU3xMvUTGdSqkXdLAjnsKT5Y7Pk5ozi",
      false,
      false,
    ],
    [
      "3GmiUbXSBE2Jz55xRCVeARFFD9Jk7KZkJ5uqPqMpXae9",
      false,
      true,
    ],
    [
      "TokenkegQfeZyiNwAJbNbGKPFXCWuBvf9Ss623VQ5DA",
      false,
      false,
    ],
    [
      "11111111111111111111111111111111",
      false,
      false,
    ],
  ],
  "data": "d744484ed0da67b6cdcccccccccc000000000000000000006666666666e600000000000000000000333333333333010000000000000000009a999999991901000000000000000000e803000000000000c3f5285c8f020000000000000000000085eb51b81e050000000000000000000048e17a14ae07000000000000000000000ad7a3703d0a00000000000000000000e17a14ae47010000000000000000000064000000905f0100e8030000d0070000b80b0000a00f000000000000000000000000000000000000000000000000000002f401000000000000010300000000000039300000000000003c0007000000",
  "programAddress": "MFv2hWf31Z9kbCa1snEPYctwafyhdvnV7FZnsebVacA",
}
`;

exports[`group admin instructions > adds a permissionless staked bank for a validator's single pool 1`] = `
{
  "accounts": [
    [
      "4qp6Fx6tnZkY5Wropq9wUYgtFxXKwE6viZxFHg3rdAG8",
      false,
      true,
    ],
    [
      "BLf3ZNsDXUw544Gpafg1gZqCb7R6eH1vF4QJr7iMztVV",
      false,
      false,
    ],
    [
      "YMN9Qj5jPNp7j14VPcML1B6xGgcPWVZUGLFU3Mnyfaf",
      true,
      true,
    ],
    [
      "42m7Ygk5VxREdKfcFrsH1HnuoqCke8BcVcxNeywMCfp2",
      false,
      false,
    ],
    [
      "DULK7QMuM7X2BvtFN7jANi6gTDQRhTueZkkGfqSowe94",
      false,
      false,
    ],
    [
      "DC2JCeBWXLnZ2rGhYy8wZ8qAHWwNXSDEK1m262KuqSnC",
      false,
      false,
    ],
    [
      "7F6uwdMJS7DBuGDPYeJqRf8LqHYFLgBXtWWKbaGUAiqZ",
      false,
      false,
    ],
    [
      "48oxpSHQkM4sdXUY9NQ8KnEtebzZbyk8uUT7JRdVQNuf",
      false,
      false,
    ],
    [
      "2foqT8wWzWRduyV37uRdj81DijkNMKzYD3D6JPfir7La",
      false,
      true,
    ],
    [
      "5xZvrhpmfAEVPPtfztjrtGNixqK5H879tKUtsHHsR35D",
      false,
      false,
    ],
    [
      "FznixWhthnjYWLRRFo9s9y8TakAhmGALQmULxUvXBbWv",
      false,
      true,
    ],
    [
      "EvA8FqvW4HbQRHT9Xci4zyhBsypzXgNo6kXwvThBDijE",
      false,
      false,
    ],
    [
      "G9GU6njGBR1h4HqfNVg79SiUNoKVaVfuYrePMbvaw4gU",
      false,
      true,
    ],
    [
      "98xfA93sPkb94jzg6KZSZqjazDe7PjZ1Q5QRJVv1L7TW",
      false,
      false,
    ],
    [
      "DETDoSrYp2pWS989YZAdq2fo6DVaHwtDHrv6VCLGEYoS",
      false,
      true,
    ],
    [
      "TokenkegQfeZyiNwAJbNbGKPFXCWuBvf9Ss623VQ5DA",
      false,
      false,
    ],
    [
      "11111111111111111111111111111111",
      false,
      false,
    ],
    [
      "7AviUf9nL62mcxNbQGKm4nKDQnPjswo6c5MX4D57HmyE",
      false,
      false,
    ],
    [
      "42m7Ygk5VxREdKfcFrsH1HnuoqCke8BcVcxNeywMCfp2",
      false,
      false,
    ],
    [
      "DULK7QMuM7X2BvtFN7jANi6gTDQRhTueZkkGfqSowe94",
      false,
      false,
    ],
  ],
  "data": "7fbb7922bba7ee660000000000000000",
  "programAddress": "MFv2hWf31Z9kbCa1snEPYctwafyhdvnV7FZnsebVacA",
}
`;
